
> helpbarber@0.1.0 build
> next build

   Ôû▓ Next.js 15.1.7
   - Environments: .env.local, .env

   Creating an optimized production build ...
 Ô£ô Compiled successfully
   Linting and checking validity of types ...
   Collecting page data ...
   Generating static pages (0/13) ...
node.exe : Error occurred prerendering page "/barbers". Read more: https://nextjs.org/docs/messages/prerender-error
No linha:1 caractere:1
+ & "C:\Program Files\nodejs/node.exe" "C:\Program Files\nodejs/node_mo ...
+ ~~~~~~~~~~~~~~~~~~~~~~~~~~~~~~~~~~~~~~~~~~~~~~~~~~~~~~~~~~~~~~~~~~~~~
    + CategoryInfo          : NotSpecified: (Error occurred ...prerender-error:String) [], RemoteException
    + FullyQualifiedErrorId : NativeCommandError
 
Error: [Firebase] ÔÜá´©Å Vari├íveis de ambiente OBRIGAT├ôRIAS n├úo encontradas: storageBucket.
Verifique seu arquivo .env.local e garanta que todas as NEXT_PUBLIC_FIREBASE_* estejam definidas.
    at 92518 (C:\projetos\HelpBarber - Copia1\.next\server\chunks\177.js:1:16743)
    at t (C:\projetos\HelpBarber - Copia1\.next\server\webpack-runtime.js:1:128)
    at 70527 (C:\projetos\HelpBarber - Copia1\.next\server\chunks\177.js:1:15879)
    at Object.t [as require] (C:\projetos\HelpBarber - Copia1\.next\server\webpack-runtime.js:1:128)
    at require (C:\projetos\HelpBarber - 
Copia1\node_modules\next\dist\compiled\next-server\app-page.runtime.prod.js:131:7946)
    at u (C:\projetos\HelpBarber - Copia1\node_modules\next\dist\compiled\next-server\app-page.runtime.prod.js:36:646)
    at F (C:\projetos\HelpBarber - 
Copia1\node_modules\next\dist\compiled\next-server\app-page.runtime.prod.js:36:10477)
    at T (C:\projetos\HelpBarber - Copia1\node_modules\next\dist\compiled\next-server\app-page.runtime.prod.js:36:8526)
    at rT (C:\projetos\HelpBarber - 
Copia1\node_modules\next\dist\compiled\next-server\app-page.runtime.prod.js:20:32387)
    at nL (C:\projetos\HelpBarber - 
Copia1\node_modules\next\dist\compiled\next-server\app-page.runtime.prod.js:20:63360)
Export encountered an error on /barbers/page: /barbers, exiting the build.
 Ô¿» Next.js build worker exited with code: 1 and signal: null
